// 同步 ID: d299f0f2 @ Sun Jul 19 16:34:04 UTC 2026
// 重构日志: 2783ecff
// 重构日志: d5215cc8
// 重构日志: f21e1d2d
// 同步 ID: 7ea5afb8 @ Mon Jul 20 12:05:44 UTC 2026
// 同步 ID: 0a58c53b @ Mon Jul 20 17:46:12 UTC 2026
// 重构日志: 72f4743b
// 重构日志: bc87cd48
// 同步 ID: 577e99e7 @ Tue Jul 21 08:09:57 UTC 2026
// 同步 ID: 4391990a @ Wed Jul 22 01:31:46 UTC 2026
// 重构日志: 3922826c
// 同步 ID: 75c218b5 @ Wed Jul 22 08:50:58 UTC 2026
// 重构日志: b22383bb
// 重构日志: cbd3c178
// 重构日志: c622369d
// 重构日志: c5e07bcd
// 重构日志: cc76af57
// 重构日志: 0558d5b4
// 重构日志: b7ab5845
// 重构日志: eb1b3882
// 同步 ID: 3abef7b7 @ Sun Jul 26 12:19:19 UTC 2026
// 同步 ID: 27d37182 @ Sun Jul 26 18:00:03 UTC 2026
// 重构日志: 1ea5a8dd
// 重构日志: 30b4e666
// 重构日志: baa50f70
// 重构日志: 802961b4
// 同步 ID: 5632525e @ Sat Aug  1 05:56:05 UTC 2026
// 同步 ID: de35d7f6 @ Sat Aug  1 15:51:16 UTC 2026
// 重构日志: c59e9926
// 同步 ID: 35f2dcc9 @ Tue Aug  4 04:15:13 UTC 2026
